
(Message='Schema change plan:-')
(Message='    Will perform instant schema change')
(Message='    No changes to main data file')
(Message='    Schema change does not require a table scan ')
(Message='Table is already odh enabled.')
(Message='Table records are compressed.')
(Message='Table blobs are compressed.')
(Message='Table supports in-place updates.')
(Message='Table already supports instant schema change.')
(Message='Live schema change running in parallel scan mode')

(Message='Schema change plan:-')
(Message='    No changes to main data file')
(Message='    Schema change does not require a table scan ')
(Message='Tag change: field 0 (a) changed for tag t')
(Message='Tag change: field 1 (b) changed for tag t')
(Message='There is no change in the schema')
(Message='Table is already odh enabled.')
(Message='Table records are compressed.')
(Message='Table blobs are compressed.')
(Message='Table supports in-place updates.')
(Message='Table already supports instant schema change.')
(Message='Live schema change running in parallel scan mode')

(Message='Schema change plan:-')
(Message='    No changes to main data file')
(Message='    Schema change does not require a table scan ')
(Message='Tag change: dropping user tag t')
(Message='There is no change in the schema')
(Message='Table is already odh enabled.')
(Message='Table records are compressed.')
(Message='Table blobs are compressed.')
(Message='Table supports in-place updates.')
(Message='Table already supports instant schema change.')
(Message='Live schema change running in parallel scan mode')
